[backblue.gif]
[fade.gif]
[index.html]
[global.ahnlab.com/image/en/common/img_logo.gif]
[global.ahnlab.com/image/en/common/img_gnb_product.jpg]
[www.gartner.com/technology/media-products/pdfindex6089.html]
[global.ahnlab.com/image/en/main/img_main_prod.png]
[global.ahnlab.com/site/main.html]
[www.google-analytics.com/analytics.js]
[global.ahnlab.com/image/en/common/bg_header.png]
[acounter.ahnlab.com/index9e70.html]
[global.ahnlab.com/image/en/common/bg_footer.gif]
[global.ahnlab.com/image/en/common/btn_cm_ico01.png]
[global.ahnlab.com/image/en/common/btn_cm_ico01_dis.png]
[global.ahnlab.com/image/en/common/btn_cm_ico03.png]
[global.ahnlab.com/image/en/common/btn_cm_ico03_dis.png]
[global.ahnlab.com/image/en/download/ico_download.png]
[global.ahnlab.com/image/en/download/ico_manual.png]
[global.ahnlab.com/image/en/common/btn_sm_pdf.gif]
[global.ahnlab.com/image/en/common/btn_sm_pdf_dis.gif]
[global.ahnlab.com/image/en/common/arr_link02.png]
[global.ahnlab.com/image/en/common/bg_tab_line.gif]
[global.ahnlab.com/image/en/common/bg_tab_wrap.gif]
[global.ahnlab.com/css/en/ahnlab.css]
[global.ahnlab.com/js/lib/jquery/jquery-1.11.1.js]
[global.ahnlab.com/image/en/common/line_tab_list.gif]
[global.ahnlab.com/image/en/common/bg_tab_util.gif]
[global.ahnlab.com/image/en/common/line_tab_sub_menu.gif]
[global.ahnlab.com/image/en/common/bg_tab_sub_menu.gif]
[global.ahnlab.com/image/en/common/ico_required.gif]
[global.ahnlab.com/js/lib/jquery/jquery.ui.js]
[global.ahnlab.com/image/en/common/bl_re3.gif]
[global.ahnlab.com/image/en/common/bl_re4.gif]
[global.ahnlab.com/image/en/common/bl_re5.gif]
[global.ahnlab.com/image/en/common/bl_re.gif]
[global.ahnlab.com/image/en/common/bl_re2.gif]
[global.ahnlab.com/js/common.js]
[global.ahnlab.com/image/en/common/bar_1x12_d8d8d8.gif]
[global.ahnlab.com/image/en/common/arr_move.gif]
[global.ahnlab.com/image/en/common/bl_dot01.gif]
[global.ahnlab.com/image/en/common/bl01.gif]
[global.ahnlab.com/js/site.js]
[global.ahnlab.com/image/en/common/bl_billiard_mark.png]
[global.ahnlab.com/image/en/common/bl_billiard_mark02.png]
[global.ahnlab.com/image/en/common/ico_caution.gif]
[global.ahnlab.com/image/en/common/ico_info.png]
[global.ahnlab.com/js/jquery.js]
[global.ahnlab.com/image/en/common/btn_paging.png]
[global.ahnlab.com/image/en/common/bg_tooltip.png]
[global.ahnlab.com/image/en/common/btn_cal.gif]
[global.ahnlab.com/image/en/common/bg_gnb.png]
[global.ahnlab.com/js/lib/jquery/jquery.placeholder.js]
[global.ahnlab.com/image/en/common/line_gnb_layer.gif]
[global.ahnlab.com/image/en/common/line_footer.gif]
[global.ahnlab.com/image/en/common/line_box_top_blue.gif]
[global.ahnlab.com/image/en/common/ico_box_result.gif]
[global.ahnlab.com/image/en/common/bl_loc_clamp.gif]
[global.ahnlab.com/image/en/common/bl_loc_arr.gif]
[global.ahnlab.com/image/en/common/bg_err.gif]
[global.ahnlab.com/image/en/common/bg_server_chk.gif]
[global.ahnlab.com/image/en/common/arr_link03.gif]
[global.ahnlab.com/image/en/product/bl_print.gif]
[global.ahnlab.com/image/en/common/bg_step_list.png]
[global.ahnlab.com/image/en/product/bg_prod_tab.gif]
[global.ahnlab.com/image/en/product/arr_prod_tab.gif]
[global.ahnlab.com/image/en/product/ico_tp.gif]
[global.ahnlab.com/image/en/common/img_no_318_170.gif]
[global.ahnlab.com/image/en/partner/ico_list_partner.gif]
[global.ahnlab.com/image/en/product/bg_side_area.gif]
[global.ahnlab.com/image/en/product/ico_prod_menu.gif]
[global.ahnlab.com/image/en/support/ico_faq_search.gif]
[global.ahnlab.com/image/en/info/ico_level03.gif]
[global.ahnlab.com/image/en/info/ico_level01.gif]
[global.ahnlab.com/image/en/common/ico_pdf.gif]
[global.ahnlab.com/image/en/info/ico_level04.gif]
[global.ahnlab.com/image/en/info/ico_level02.gif]
[global.ahnlab.com/image/en/about/ico_coreTch.gif]
[global.ahnlab.com/image/en/common/img_un_result_nodata.gif]
[global.ahnlab.com/image/en/mypage/ico_pw_modify.gif]
[global.ahnlab.com/image/en/common/bl_que_rect.gif]
[global.ahnlab.com/image/en/common/bl_ans_rect.gif]
[global.ahnlab.com/image/en/common/ico_calendar.gif]
[global.ahnlab.com/image/en/info/btn_sm_more_light.png]
[global.ahnlab.com/image/en/info/btn_sm_more.png]
[global.ahnlab.com/image/en/info/btn_sm_more_light_on.png]
[global.ahnlab.com/image/en/support/img_sm_support.gif]
[global.ahnlab.com/image/en/main/bg_warn.png]
[global.ahnlab.com/image/en/info/img_sm_info_warn.gif]
[global.ahnlab.com/image/en/mypage/img_sm_mypage.gif]
[global.ahnlab.com/image/en/main/bg_primary.png]
[global.ahnlab.com/image/en/main/img_main.gif]
[global.ahnlab.com/image/en/about/ico_wwo.gif]
[global.ahnlab.com/image/en/about/img_flag_30_20.gif]
[global.ahnlab.com/image/sg/main/btn_lymain_close.gif]
[global.ahnlab.com/image/en/common/ico_email.gif]
[global.ahnlab.com/site/search/searchResultAll.html]
[image.ahnlab.com/img_upload/kr/site/images2/common/img_logo.gif]
[image.ahnlab.com/event/event_main_banner/banner_478.jpg]
[image.ahnlab.com/event/event_main_banner/text_banner_478.png]
[image.ahnlab.com/event/event_main_banner/banner_476.jpg]
